ASxxxx Linker V03.00/V05.40 + sdld,  page 1.
Hexadecimal  [32-Bits]

Area                                    Addr        Size        Decimal Bytes (Attributes)
--------------------------------        ----        ----        ------- ----- ------------
.  .ABS.                            00000000    00000000 =           0. bytes (ABS,CON)

      Value  Global                              Global Defined In Module
      -----  --------------------------------   ------------------------
     00000000  .__.ABS.                           SetTileMap
     00000000  _rRAMG                             
     00000000  l__BASE                         
     00000000  l__BSS                          
     00000000  l__CABS                         
     00000000  l__CODE_0                       
     00000000  l__DABS                         
     00000000  l__HEADER                       
     00000000  l__HEAP                         
     00000000  l__HEAP_END                     
     00000000  l__HRAM                         
     00000000  l__LIT                          
     00000000  s__CABS                         
     00000000  s__DABS                         
     00000000  s__HEADER                       
     00000000  s__HEADER0                      
     00000000  s__HEADER1                      
     00000000  s__HEADER10                     
     00000000  s__HEADER11                     
     00000000  s__HEADER2                      
     00000000  s__HEADER3                      
     00000000  s__HEADER4                      
     00000000  s__HEADER5                      
     00000000  s__HEADER6                      
     00000000  s__HEADER7                      
     00000000  s__HEADER8                      
     00000000  s__HEADER9                      
     00000000  s__HEADERa                      
     00000000  s__HEADERb                      
     00000000  s__HEADERc                      
     00000000  s__HEADERd                      
     00000000  s__HEADERe                      
     00000000  s__HEADERf                      
     00000000  s__HRAM                         
     00000000  s__HRAM12                       
     00000001  l__GSFINAL                      
     00000001  l__HEADER0                      
     00000001  l__HEADER5                      
     00000001  l__HEADERa                      
     00000001  l__HEADERb                      
     00000001  l__HEADERc                      
     00000001  l__HEADERe                      
     00000001  l__HEADERf                      
     00000002  l__HEADER10                     
     00000002  l__HEADER6                      
     00000002  l__HEADERd                      
     00000003  l__HEADER9                      
     00000003  l__HRAM12                       
     00000005  l__HEADER1                      
     00000006  l__HEADER8                      
ASxxxx Linker V03.00/V05.40 + sdld,  page 2.
Hexadecimal  [32-Bits]

Area                                    Addr        Size        Decimal Bytes (Attributes)
--------------------------------        ----        ----        ------- ----- ------------
.  .ABS.                            00000000    00000000 =           0. bytes (ABS,CON)

      Value  Global                              Global Defined In Module
      -----  --------------------------------   ------------------------
     00000007  l__HEADER2                      
     00000008  l__HEADER3                      
     0000000C  l__GSINIT                       
     00000015  l__DATA                         
     00000030  l__HEADER7                      
     0000005C  l__HEADER4                      
     000000AF  l__HEADER11                     
     00000129  l__HOME                         
     00000200  s__CODE                         
     0000032D  l__CODE                         
     0000052D  s__HOME                         
     00000656  s__BASE                         
     00000656  s__CODE_0                       
     00000656  s__INITIALIZER                  
     00000656  s__LIT                          
     00000B1B  l__INITIALIZED                  
     00000B1B  l__INITIALIZER                  
     00001171  s__GSINIT                       
     0000117D  s__GSFINAL                      
     00002000  _rROMB0                            
     00003000  _rROMB1                            
     00004000  _rRAMB                             
     00008000  __VRAM                             
     00008000  __VRAM8000                         
     00008800  __VRAM8800                         
     00009000  __VRAM9000                         
     00009800  __SCRN0                            
     00009C00  __SCRN1                            
     0000A000  __SRAM                             
     0000C000  __RAM                              
     0000C000  _shadow_OAM                     
     0000C0A0  s__DATA                         
     0000C0B5  s__BSS                          
     0000C0B5  s__INITIALIZED                  
     0000CBD0  s__HEAP                         
     0000CBD0  s__HEAP_END                     
     0000D000  __RAMBANK                          
     0000E000  .STACK                          
     0000FE00  __OAMRAM                           
     0000FF00  _P1_REG                            
     0000FF00  __IO                               
     0000FF01  _SB_REG                            
     0000FF02  _SC_REG                            
     0000FF04  _DIV_REG                           
     0000FF05  _TIMA_REG                          
     0000FF06  _TMA_REG                           
     0000FF07  _TAC_REG                           
     0000FF0F  _IF_REG                            
     0000FF10  _NR10_REG                          
     0000FF11  _NR11_REG                          
     0000FF12  _NR12_REG                          
ASxxxx Linker V03.00/V05.40 + sdld,  page 3.
Hexadecimal  [32-Bits]

Area                                    Addr        Size        Decimal Bytes (Attributes)
--------------------------------        ----        ----        ------- ----- ------------
.  .ABS.                            00000000    00000000 =           0. bytes (ABS,CON)

      Value  Global                              Global Defined In Module
      -----  --------------------------------   ------------------------
     0000FF13  _NR13_REG                          
     0000FF14  _NR14_REG                          
     0000FF16  _NR21_REG                          
     0000FF17  _NR22_REG                          
     0000FF18  _NR23_REG                          
     0000FF19  _NR24_REG                          
     0000FF1A  _NR30_REG                          
     0000FF1B  _NR31_REG                          
     0000FF1C  _NR32_REG                          
     0000FF1D  _NR33_REG                          
     0000FF1E  _NR34_REG                          
     0000FF20  _NR41_REG                          
     0000FF21  _NR42_REG                          
     0000FF22  _NR43_REG                          
     0000FF23  _NR44_REG                          
     0000FF24  _NR50_REG                          
     0000FF25  _NR51_REG                          
     0000FF26  _NR52_REG                          
     0000FF30  _AUD3WAVE                          
     0000FF30  _PCM_SAMPLE                        
     0000FF30  __AUD3WAVERAM                      
     0000FF40  _LCDC_REG                          
     0000FF41  _STAT_REG                          
     0000FF42  _SCY_REG                           
     0000FF43  _SCX_REG                           
     0000FF44  _LY_REG                            
     0000FF45  _LYC_REG                           
     0000FF46  _DMA_REG                           
     0000FF47  _BGP_REG                           
     0000FF48  _OBP0_REG                          
     0000FF49  _OBP1_REG                          
     0000FF4A  _WY_REG                            
     0000FF4B  _WX_REG                            
     0000FF4D  _KEY1_REG                          
     0000FF4F  _VBK_REG                           
     0000FF51  _HDMA1_REG                         
     0000FF52  _HDMA2_REG                         
     0000FF53  _HDMA3_REG                         
     0000FF54  _HDMA4_REG                         
     0000FF55  _HDMA5_REG                         
     0000FF56  _RP_REG                            
     0000FF68  _BCPS_REG                          
     0000FF69  _BCPD_REG                          
     0000FF6A  _OCPS_REG                          
     0000FF6B  _OCPD_REG                          
     0000FF70  _SVBK_REG                          
     0000FF76  _PCM12_REG                         
     0000FF77  _PCM34_REG                         
     0000FF80  .refresh_OAM                    
     0000FF80  __HRAM                             
     0000FFFF  _IE_REG                            

ASxxxx Linker V03.00/V05.40 + sdld,  page 4.
Hexadecimal  [32-Bits]

Area                                    Addr        Size        Decimal Bytes (Attributes)
--------------------------------        ----        ----        ------- ----- ------------
_CODE                               00000200    0000032D =         813. bytes (REL,CON)

      Value  Global                              Global Defined In Module
      -----  --------------------------------   ------------------------
     00000200  A$main$61                          main
     00000200  C$main.c$11$1_0$143                main
     00000200  C$main.c$9$0_0$143                 main
     00000200  G$main$0$0                         main
     00000200  _main                              main
     00000203  A$main$69                          main
     00000203  C$main.c$12$1_0$143                main
     00000203  C$main.c$14$2_0$144                main
     00000206  A$main$70                          main
     00000209  A$main$78                          main
     00000209  C$main.c$16$1_0$143                main
     00000209  XG$main$0$0                        main
     0000020B  A$CoreService$55                   CoreService
     0000020B  C$CoreService.c$5$0_0$143          CoreService
     0000020B  G$performant_delay$0$0             CoreService
     0000020B  _performant_delay                  CoreService
     0000020C  A$CoreService$59                   CoreService
     0000020F  A$CoreService$61                   CoreService
     00000211  A$CoreService$62                   CoreService
     00000212  A$CoreService$63                   CoreService
     00000213  A$CoreService$64                   CoreService
     00000214  A$CoreService$65                   CoreService
     00000215  A$CoreService$66                   CoreService
     00000216  A$CoreService$67                   CoreService
     00000217  A$CoreService$68                   CoreService
     00000218  A$CoreService$69                   CoreService
     0000021A  A$CoreService$70                   CoreService
     0000021C  A$CoreService$71                   CoreService
     0000021E  A$CoreService$72                   CoreService
     00000220  A$CoreService$73                   CoreService
     00000221  A$CoreService$74                   CoreService
     00000223  A$CoreService$76                   CoreService
     00000225  A$CoreService$77                   CoreService
     00000227  A$CoreService$78                   CoreService
     00000228  A$CoreService$80                   CoreService
     0000022A  A$CoreService$84                   CoreService
     0000022A  C$CoreService.c$8$3_0$144          CoreService
     0000022D  A$CoreService$88                   CoreService
     0000022D  C$CoreService.c$7$2_0$143          CoreService
     0000022E  A$CoreService$89                   CoreService
     00000230  A$CoreService$94                   CoreService
     00000231  A$CoreService$95                   CoreService
     00000232  A$CoreService$100                  CoreService
     00000232  C$CoreService.c$10$2_0$143         CoreService
     00000232  XG$performant_delay$0$0            CoreService
     00000233  A$CoreService$113                  CoreService
     00000233  C$CoreService.c$12$2_0$146         CoreService
     00000233  G$fade_out$0$0                     CoreService
     00000233  _fade_out                          CoreService
     00000235  A$CoreService$115                  CoreService
ASxxxx Linker V03.00/V05.40 + sdld,  page 5.
Hexadecimal  [32-Bits]

Area                                    Addr        Size        Decimal Bytes (Attributes)
--------------------------------        ----        ----        ------- ----- ------------
_CODE                               00000200    0000032D =         813. bytes (REL,CON)

      Value  Global                              Global Defined In Module
      -----  --------------------------------   ------------------------
     00000236  A$CoreService$116                  CoreService
     00000238  A$CoreService$117                  CoreService
     0000023A  A$CoreService$118                  CoreService
     0000023B  A$CoreService$122                  CoreService
     0000023B  C$CoreService.c$14$3_0$147         CoreService
     0000023C  A$CoreService$123                  CoreService
     0000023D  A$CoreService$124                  CoreService
     0000023F  A$CoreService$125                  CoreService
     00000240  A$CoreService$126                  CoreService
     00000241  A$CoreService$127                  CoreService
     00000243  A$CoreService$128                  CoreService
     00000244  A$CoreService$129                  CoreService
     00000246  A$CoreService$130                  CoreService
     00000248  A$CoreService$131                  CoreService
     0000024A  A$CoreService$132                  CoreService
     0000024C  A$CoreService$133                  CoreService
     0000024E  A$CoreService$141                  CoreService
     0000024E  C$CoreService.c$15$4_0$148         CoreService
     0000024E  C$CoreService.c$16$4_0$148         CoreService
     00000250  A$CoreService$142                  CoreService
     00000252  A$CoreService$146                  CoreService
     00000252  C$CoreService.c$17$4_0$148         CoreService
     00000254  A$CoreService$154                  CoreService
     00000254  C$CoreService.c$18$4_0$148         CoreService
     00000254  C$CoreService.c$19$4_0$148         CoreService
     00000256  A$CoreService$155                  CoreService
     00000258  A$CoreService$159                  CoreService
     00000258  C$CoreService.c$20$4_0$148         CoreService
     0000025A  A$CoreService$167                  CoreService
     0000025A  C$CoreService.c$21$4_0$148         CoreService
     0000025A  C$CoreService.c$22$4_0$148         CoreService
     0000025C  A$CoreService$168                  CoreService
     0000025E  A$CoreService$172                  CoreService
     0000025E  C$CoreService.c$23$4_0$148         CoreService
     00000260  A$CoreService$180                  CoreService
     00000260  C$CoreService.c$24$4_0$148         CoreService
     00000260  C$CoreService.c$25$4_0$148         CoreService
     00000262  A$CoreService$181                  CoreService
     00000264  A$CoreService$189                  CoreService
     00000264  C$CoreService.c$27$3_0$147         CoreService
     00000264  C$CoreService.c$28$3_0$147         CoreService
     00000265  A$CoreService$190                  CoreService
     00000268  A$CoreService$191                  CoreService
     0000026B  A$CoreService$192                  CoreService
     0000026C  A$CoreService$196                  CoreService
     0000026C  C$CoreService.c$13$2_0$146         CoreService
     0000026D  A$CoreService$204                  CoreService
     0000026D  C$CoreService.c$30$2_0$146         CoreService
     0000026D  XG$fade_out$0$0                    CoreService
     0000026F  A$CoreService$217                  CoreService
     0000026F  C$CoreService.c$32$2_0$150         CoreService
ASxxxx Linker V03.00/V05.40 + sdld,  page 6.
Hexadecimal  [32-Bits]

Area                                    Addr        Size        Decimal Bytes (Attributes)
--------------------------------        ----        ----        ------- ----- ------------
_CODE                               00000200    0000032D =         813. bytes (REL,CON)

      Value  Global                              Global Defined In Module
      -----  --------------------------------   ------------------------
     0000026F  G$fade_in$0$0                      CoreService
     0000026F  _fade_in                           CoreService
     00000271  A$CoreService$219                  CoreService
     00000272  A$CoreService$220                  CoreService
     00000274  A$CoreService$221                  CoreService
     00000276  A$CoreService$222                  CoreService
     00000277  A$CoreService$226                  CoreService
     00000277  C$CoreService.c$34$3_0$151         CoreService
     00000278  A$CoreService$227                  CoreService
     00000279  A$CoreService$228                  CoreService
     0000027B  A$CoreService$229                  CoreService
     0000027C  A$CoreService$230                  CoreService
     0000027D  A$CoreService$231                  CoreService
     0000027F  A$CoreService$232                  CoreService
     00000280  A$CoreService$233                  CoreService
     00000282  A$CoreService$234                  CoreService
     00000284  A$CoreService$235                  CoreService
     00000286  A$CoreService$243                  CoreService
     00000286  C$CoreService.c$35$4_0$152         CoreService
     00000286  C$CoreService.c$36$4_0$152         CoreService
     00000288  A$CoreService$244                  CoreService
     0000028A  A$CoreService$248                  CoreService
     0000028A  C$CoreService.c$37$4_0$152         CoreService
     0000028C  A$CoreService$256                  CoreService
     0000028C  C$CoreService.c$38$4_0$152         CoreService
     0000028C  C$CoreService.c$39$4_0$152         CoreService
     0000028E  A$CoreService$257                  CoreService
     00000290  A$CoreService$261                  CoreService
     00000290  C$CoreService.c$40$4_0$152         CoreService
     00000292  A$CoreService$269                  CoreService
     00000292  C$CoreService.c$41$4_0$152         CoreService
     00000292  C$CoreService.c$42$4_0$152         CoreService
     00000294  A$CoreService$270                  CoreService
     00000296  A$CoreService$278                  CoreService
     00000296  C$CoreService.c$44$3_0$151         CoreService
     00000296  C$CoreService.c$45$3_0$151         CoreService
     00000297  A$CoreService$279                  CoreService
     0000029A  A$CoreService$280                  CoreService
     0000029D  A$CoreService$281                  CoreService
     0000029E  A$CoreService$285                  CoreService
     0000029E  C$CoreService.c$33$2_0$150         CoreService
     0000029F  A$CoreService$293                  CoreService
     0000029F  C$CoreService.c$47$2_0$150         CoreService
     0000029F  XG$fade_in$0$0                     CoreService
     000002A1  A$PerformanceService$79            PerformanceService
     000002A1  C$PerformanceService.c$50$0_0$17   PerformanceService
     000002A1  G$init_jester$0$0                  PerformanceService
     000002A1  _init_jester                       PerformanceService
     000002A2  A$PerformanceService$82            PerformanceService
     000002A5  A$PerformanceService$83            PerformanceService
     000002A7  A$PerformanceService$84            PerformanceService
ASxxxx Linker V03.00/V05.40 + sdld,  page 7.
Hexadecimal  [32-Bits]

Area                                    Addr        Size        Decimal Bytes (Attributes)
--------------------------------        ----        ----        ------- ----- ------------
_CODE                               00000200    0000032D =         813. bytes (REL,CON)

      Value  Global                              Global Defined In Module
      -----  --------------------------------   ------------------------
     000002A8  A$PerformanceService$85            PerformanceService
     000002AA  A$PerformanceService$87            PerformanceService
     000002AD  A$PerformanceService$88            PerformanceService
     000002AF  A$PerformanceService$90            PerformanceService
     000002B2  A$PerformanceService$91            PerformanceService
     000002B4  A$PerformanceService$93            PerformanceService
     000002B5  A$PerformanceService$94            PerformanceService
     000002B6  A$PerformanceService$95            PerformanceService
     000002B7  A$PerformanceService$96            PerformanceService
     000002B8  A$PerformanceService$97            PerformanceService
     000002B9  A$PerformanceService$98            PerformanceService
     000002BC  A$PerformanceService$102           PerformanceService
     000002BC  C$PerformanceService.c$52$1_0$17   PerformanceService
     000002BE  A$PerformanceService$103           PerformanceService
     000002C0  A$PerformanceService$104           PerformanceService
     000002C2  A$PerformanceService$112           PerformanceService
     000002C2  C$PerformanceService.c$53$1_0$17   PerformanceService
     000002C2  XG$init_jester$0$0                 PerformanceService
     000002C3  G$JesterMetasprite$0_0$0           PerformanceService
     000002C3  _JesterMetasprite                  PerformanceService
     00000333  A$PerformanceService$236           PerformanceService
     00000333  C$PerformanceService.c$55$1_0$17   PerformanceService
     00000333  G$init_pointer$0$0                 PerformanceService
     00000333  _init_pointer                      PerformanceService
     00000334  A$PerformanceService$238           PerformanceService
     00000337  A$PerformanceService$239           PerformanceService
     00000339  A$PerformanceService$241           PerformanceService
     0000033A  A$PerformanceService$242           PerformanceService
     0000033B  A$PerformanceService$243           PerformanceService
     0000033C  A$PerformanceService$244           PerformanceService
     0000033D  A$PerformanceService$245           PerformanceService
     0000033F  A$PerformanceService$246           PerformanceService
     00000340  A$PerformanceService$248           PerformanceService
     00000343  A$PerformanceService$250           PerformanceService
     00000345  A$PerformanceService$251           PerformanceService
     00000346  A$PerformanceService$252           PerformanceService
     00000347  A$PerformanceService$263           PerformanceService
     00000347  C$PerformanceService.c$57$3_0$17   PerformanceService
     00000347  C$PerformanceService.c$58$3_0$17   PerformanceService
     00000347  XG$init_pointer$0$0                PerformanceService
     00000348  A$PerformanceService$276           PerformanceService
     00000348  C$PerformanceService.c$60$3_0$18   PerformanceService
     00000348  C$PerformanceService.c$61$1_0$18   PerformanceService
     00000348  G$init_sprites$0$0                 PerformanceService
     00000348  _init_sprites                      PerformanceService
     0000034B  A$PerformanceService$277           PerformanceService
     0000034C  A$PerformanceService$278           PerformanceService
     0000034F  A$PerformanceService$279           PerformanceService
     00000350  A$PerformanceService$280           PerformanceService
     00000353  A$PerformanceService$281           PerformanceService
     00000355  A$PerformanceService$285           PerformanceService
ASxxxx Linker V03.00/V05.40 + sdld,  page 8.
Hexadecimal  [32-Bits]

Area                                    Addr        Size        Decimal Bytes (Attributes)
--------------------------------        ----        ----        ------- ----- ------------
_CODE                               00000200    0000032D =         813. bytes (REL,CON)

      Value  Global                              Global Defined In Module
      -----  --------------------------------   ------------------------
     00000355  C$PerformanceService.c$62$1_0$18   PerformanceService
     00000357  A$PerformanceService$286           PerformanceService
     00000359  A$PerformanceService$287           PerformanceService
     0000035C  A$PerformanceService$291           PerformanceService
     0000035C  C$PerformanceService.c$63$1_0$18   PerformanceService
     0000035D  A$PerformanceService$299           PerformanceService
     0000035D  C$PerformanceService.c$64$1_0$18   PerformanceService
     0000035D  XG$init_sprites$0$0                PerformanceService
     00000360  A$PerformanceService$312           PerformanceService
     00000360  C$PerformanceService.c$66$1_0$18   PerformanceService
     00000360  C$PerformanceService.c$68$1_0$18   PerformanceService
     00000360  G$animate_pointer$0$0              PerformanceService
     00000360  _animate_pointer                   PerformanceService
     00000361  A$PerformanceService$313           PerformanceService
     00000362  A$PerformanceService$314           PerformanceService
     00000364  A$PerformanceService$319           PerformanceService
     00000364  C$PerformanceService.c$70$1_0$18   PerformanceService
     00000365  A$PerformanceService$320           PerformanceService
     00000366  A$PerformanceService$321           PerformanceService
     00000367  A$PerformanceService$325           PerformanceService
     00000367  C$PerformanceService.c$72$3_0$18   PerformanceService
     00000368  A$PerformanceService$327           PerformanceService
     00000369  A$PerformanceService$328           PerformanceService
     0000036A  A$PerformanceService$329           PerformanceService
     0000036B  A$PerformanceService$330           PerformanceService
     0000036C  A$PerformanceService$331           PerformanceService
     0000036E  A$PerformanceService$332           PerformanceService
     0000036F  A$PerformanceService$334           PerformanceService
     00000372  A$PerformanceService$336           PerformanceService
     00000374  A$PerformanceService$337           PerformanceService
     00000375  A$PerformanceService$338           PerformanceService
     00000376  A$PerformanceService$342           PerformanceService
     00000376  C$PerformanceService.c$74$3_0$18   PerformanceService
     00000377  A$PerformanceService$343           PerformanceService
     0000037A  A$PerformanceService$344           PerformanceService
     0000037D  A$PerformanceService$345           PerformanceService
     0000037E  A$PerformanceService$349           PerformanceService
     0000037E  C$PerformanceService.c$76$2_0$18   PerformanceService
     00000380  A$PerformanceService$354           PerformanceService
     00000380  C$PerformanceService.c$79$1_0$18   PerformanceService
     00000381  A$PerformanceService$355           PerformanceService
     00000382  A$PerformanceService$356           PerformanceService
     00000384  A$PerformanceService$361           PerformanceService
     00000384  C$PerformanceService.c$81$1_0$18   PerformanceService
     00000385  A$PerformanceService$362           PerformanceService
     00000386  A$PerformanceService$363           PerformanceService
     00000387  A$PerformanceService$367           PerformanceService
     00000387  C$PerformanceService.c$83$3_0$18   PerformanceService
     00000388  A$PerformanceService$369           PerformanceService
     00000389  A$PerformanceService$370           PerformanceService
     0000038A  A$PerformanceService$371           PerformanceService
ASxxxx Linker V03.00/V05.40 + sdld,  page 9.
Hexadecimal  [32-Bits]

Area                                    Addr        Size        Decimal Bytes (Attributes)
--------------------------------        ----        ----        ------- ----- ------------
_CODE                               00000200    0000032D =         813. bytes (REL,CON)

      Value  Global                              Global Defined In Module
      -----  --------------------------------   ------------------------
     0000038B  A$PerformanceService$372           PerformanceService
     0000038C  A$PerformanceService$373           PerformanceService
     0000038E  A$PerformanceService$374           PerformanceService
     0000038F  A$PerformanceService$376           PerformanceService
     00000392  A$PerformanceService$378           PerformanceService
     00000394  A$PerformanceService$379           PerformanceService
     00000395  A$PerformanceService$380           PerformanceService
     00000396  A$PerformanceService$384           PerformanceService
     00000396  C$PerformanceService.c$85$3_0$18   PerformanceService
     00000397  A$PerformanceService$385           PerformanceService
     0000039A  A$PerformanceService$386           PerformanceService
     0000039D  A$PerformanceService$387           PerformanceService
     0000039E  A$PerformanceService$391           PerformanceService
     0000039E  C$PerformanceService.c$87$2_0$18   PerformanceService
     000003A0  A$PerformanceService$396           PerformanceService
     000003A0  C$PerformanceService.c$90$1_0$18   PerformanceService
     000003A3  A$PerformanceService$407           PerformanceService
     000003A3  C$PerformanceService.c$91$1_0$18   PerformanceService
     000003A3  C$PerformanceService.c$93$1_0$18   PerformanceService
     000003A3  XG$animate_pointer$0$0             PerformanceService
     000003A6  A$PerformanceService$417           PerformanceService
     000003A6  C$PerformanceService.c$95$1_0$19   PerformanceService
     000003A6  G$crowd_reaction$0$0               PerformanceService
     000003A6  _crowd_reaction                    PerformanceService
     000003A7  A$PerformanceService$420           PerformanceService
     000003AA  A$PerformanceService$421           PerformanceService
     000003AC  A$PerformanceService$422           PerformanceService
     000003AD  A$PerformanceService$423           PerformanceService
     000003AF  A$PerformanceService$425           PerformanceService
     000003B2  A$PerformanceService$426           PerformanceService
     000003B4  A$PerformanceService$428           PerformanceService
     000003B7  A$PerformanceService$429           PerformanceService
     000003B9  A$PerformanceService$431           PerformanceService
     000003BA  A$PerformanceService$432           PerformanceService
     000003BD  A$PerformanceService$433           PerformanceService
     000003BF  A$PerformanceService$434           PerformanceService
     000003C2  A$PerformanceService$435           PerformanceService
     000003C3  A$PerformanceService$439           PerformanceService
     000003C3  C$PerformanceService.c$100$1_0$1   PerformanceService
     000003C4  A$PerformanceService$440           PerformanceService
     000003C6  A$PerformanceService$441           PerformanceService
     000003C8  A$PerformanceService$443           PerformanceService
     000003CB  A$PerformanceService$444           PerformanceService
     000003CD  A$PerformanceService$446           PerformanceService
     000003D0  A$PerformanceService$448           PerformanceService
     000003D2  A$PerformanceService$449           PerformanceService
     000003D3  A$PerformanceService$450           PerformanceService
     000003D5  A$PerformanceService$452           PerformanceService
     000003D8  A$PerformanceService$453           PerformanceService
     000003DA  A$PerformanceService$455           PerformanceService
     000003DD  A$PerformanceService$457           PerformanceService
ASxxxx Linker V03.00/V05.40 + sdld,  page 10.
Hexadecimal  [32-Bits]

Area                                    Addr        Size        Decimal Bytes (Attributes)
--------------------------------        ----        ----        ------- ----- ------------
_CODE                               00000200    0000032D =         813. bytes (REL,CON)

      Value  Global                              Global Defined In Module
      -----  --------------------------------   ------------------------
     000003DF  A$PerformanceService$458           PerformanceService
     000003E0  A$PerformanceService$459           PerformanceService
     000003E2  A$PerformanceService$461           PerformanceService
     000003E5  A$PerformanceService$462           PerformanceService
     000003E7  A$PerformanceService$464           PerformanceService
     000003EA  A$PerformanceService$466           PerformanceService
     000003EC  A$PerformanceService$467           PerformanceService
     000003ED  A$PerformanceService$468           PerformanceService
     000003EF  A$PerformanceService$472           PerformanceService
     000003EF  C$PerformanceService.c$108$2_0$1   PerformanceService
     000003F0  A$PerformanceService$477           PerformanceService
     000003F0  C$PerformanceService.c$110$1_0$1   PerformanceService
     000003F2  A$PerformanceService$478           PerformanceService
     000003F3  A$PerformanceService$479           PerformanceService
     000003F5  A$PerformanceService$481           PerformanceService
     000003F8  A$PerformanceService$482           PerformanceService
     000003FA  A$PerformanceService$484           PerformanceService
     000003FD  A$PerformanceService$486           PerformanceService
     000003FF  A$PerformanceService$487           PerformanceService
     00000400  A$PerformanceService$488           PerformanceService
     00000402  A$PerformanceService$490           PerformanceService
     00000405  A$PerformanceService$491           PerformanceService
     00000407  A$PerformanceService$493           PerformanceService
     0000040A  A$PerformanceService$495           PerformanceService
     0000040C  A$PerformanceService$496           PerformanceService
     0000040D  A$PerformanceService$497           PerformanceService
     0000040F  A$PerformanceService$499           PerformanceService
     00000412  A$PerformanceService$500           PerformanceService
     00000414  A$PerformanceService$502           PerformanceService
     00000417  A$PerformanceService$504           PerformanceService
     00000419  A$PerformanceService$505           PerformanceService
     0000041A  A$PerformanceService$506           PerformanceService
     0000041C  A$PerformanceService$510           PerformanceService
     0000041C  C$PerformanceService.c$118$2_0$1   PerformanceService
     0000041D  A$PerformanceService$513           PerformanceService
     00000420  A$PerformanceService$514           PerformanceService
     00000422  A$PerformanceService$516           PerformanceService
     00000425  A$PerformanceService$518           PerformanceService
     00000427  A$PerformanceService$519           PerformanceService
     00000428  A$PerformanceService$520           PerformanceService
     0000042A  A$PerformanceService$522           PerformanceService
     0000042D  A$PerformanceService$523           PerformanceService
     0000042F  A$PerformanceService$525           PerformanceService
     00000432  A$PerformanceService$527           PerformanceService
     00000434  A$PerformanceService$528           PerformanceService
     00000435  A$PerformanceService$529           PerformanceService
     00000437  A$PerformanceService$531           PerformanceService
     0000043A  A$PerformanceService$532           PerformanceService
     0000043C  A$PerformanceService$534           PerformanceService
     0000043F  A$PerformanceService$536           PerformanceService
     00000441  A$PerformanceService$537           PerformanceService
ASxxxx Linker V03.00/V05.40 + sdld,  page 11.
Hexadecimal  [32-Bits]

Area                                    Addr        Size        Decimal Bytes (Attributes)
--------------------------------        ----        ----        ------- ----- ------------
_CODE                               00000200    0000032D =         813. bytes (REL,CON)

      Value  Global                              Global Defined In Module
      -----  --------------------------------   ------------------------
     00000442  A$PerformanceService$538           PerformanceService
     00000444  A$PerformanceService$549           PerformanceService
     00000444  C$PerformanceService.c$126$1_0$1   PerformanceService
     00000444  C$PerformanceService.c$127$1_0$1   PerformanceService
     00000444  XG$crowd_reaction$0$0              PerformanceService
     00000445  A$PerformanceService$560           PerformanceService
     00000445  C$PerformanceService.c$129$1_0$2   PerformanceService
     00000445  G$hide_crowd_reaction$0$0          PerformanceService
     00000445  _hide_crowd_reaction               PerformanceService
     00000448  A$PerformanceService$562           PerformanceService
     00000449  A$PerformanceService$563           PerformanceService
     0000044A  A$PerformanceService$564           PerformanceService
     0000044B  A$PerformanceService$565           PerformanceService
     0000044C  A$PerformanceService$566           PerformanceService
     0000044D  A$PerformanceService$568           PerformanceService
     00000450  A$PerformanceService$570           PerformanceService
     00000451  A$PerformanceService$571           PerformanceService
     00000452  A$PerformanceService$572           PerformanceService
     00000453  A$PerformanceService$573           PerformanceService
     00000454  A$PerformanceService$574           PerformanceService
     00000455  A$PerformanceService$576           PerformanceService
     00000458  A$PerformanceService$578           PerformanceService
     00000459  A$PerformanceService$579           PerformanceService
     0000045A  A$PerformanceService$580           PerformanceService
     0000045B  A$PerformanceService$581           PerformanceService
     0000045C  A$PerformanceService$582           PerformanceService
     0000045D  A$PerformanceService$585           PerformanceService
     00000460  A$PerformanceService$586           PerformanceService
     00000462  A$PerformanceService$587           PerformanceService
     00000463  A$PerformanceService$588           PerformanceService
     00000465  A$PerformanceService$590           PerformanceService
     00000468  A$PerformanceService$591           PerformanceService
     0000046A  A$PerformanceService$593           PerformanceService
     0000046D  A$PerformanceService$595           PerformanceService
     00000470  A$PerformanceService$596           PerformanceService
     00000471  A$PerformanceService$597           PerformanceService
     00000473  A$PerformanceService$608           PerformanceService
     00000473  C$PerformanceService.c$134$3_0$2   PerformanceService
     00000473  C$PerformanceService.c$135$3_0$2   PerformanceService
     00000473  XG$hide_crowd_reaction$0$0         PerformanceService
     00000476  A$PerformanceService$621           PerformanceService
     00000476  C$PerformanceService.c$137$3_0$2   PerformanceService
     00000476  C$PerformanceService.c$141$1_0$2   PerformanceService
     00000476  G$perform$0$0                      PerformanceService
     00000476  _perform                           PerformanceService
     00000477  A$PerformanceService$624           PerformanceService
     00000478  A$PerformanceService$627           PerformanceService
     00000479  A$PerformanceService$628           PerformanceService
     0000047A  A$PerformanceService$629           PerformanceService
     0000047B  A$PerformanceService$630           PerformanceService
     0000047D  A$PerformanceService$631           PerformanceService
ASxxxx Linker V03.00/V05.40 + sdld,  page 12.
Hexadecimal  [32-Bits]

Area                                    Addr        Size        Decimal Bytes (Attributes)
--------------------------------        ----        ----        ------- ----- ------------
_CODE                               00000200    0000032D =         813. bytes (REL,CON)

      Value  Global                              Global Defined In Module
      -----  --------------------------------   ------------------------
     0000047E  A$PerformanceService$632           PerformanceService
     00000481  A$PerformanceService$633           PerformanceService
     00000482  A$PerformanceService$637           PerformanceService
     00000482  C$PerformanceService.c$142$1_0$2   PerformanceService
     00000484  A$PerformanceService$645           PerformanceService
     00000484  C$PerformanceService.c$144$1_0$2   PerformanceService
     00000484  XG$perform$0$0                     PerformanceService
     00000485  A$PerformanceService$658           PerformanceService
     00000485  C$PerformanceService.c$146$1_0$2   PerformanceService
     00000485  C$PerformanceService.c$147$1_0$2   PerformanceService
     00000485  G$init_performance_bkg$0$0         PerformanceService
     00000485  _init_performance_bkg              PerformanceService
     00000488  A$PerformanceService$659           PerformanceService
     00000489  A$PerformanceService$660           PerformanceService
     0000048C  A$PerformanceService$661           PerformanceService
     0000048D  A$PerformanceService$662           PerformanceService
     00000490  A$PerformanceService$663           PerformanceService
     00000492  A$PerformanceService$667           PerformanceService
     00000492  C$PerformanceService.c$148$1_0$2   PerformanceService
     00000495  A$PerformanceService$668           PerformanceService
     00000496  A$PerformanceService$669           PerformanceService
     00000499  A$PerformanceService$670           PerformanceService
     0000049A  A$PerformanceService$671           PerformanceService
     0000049B  A$PerformanceService$672           PerformanceService
     0000049C  A$PerformanceService$673           PerformanceService
     0000049D  A$PerformanceService$674           PerformanceService
     000004A0  A$PerformanceService$675           PerformanceService
     000004A2  A$PerformanceService$683           PerformanceService
     000004A2  C$PerformanceService.c$149$1_0$2   PerformanceService
     000004A2  XG$init_performance_bkg$0$0        PerformanceService
     000004A3  A$PerformanceService$696           PerformanceService
     000004A3  C$PerformanceService.c$151$1_0$2   PerformanceService
     000004A3  C$PerformanceService.c$153$1_0$2   PerformanceService
     000004A3  G$init_performance$0$0             PerformanceService
     000004A3  _init_performance                  PerformanceService
     000004A4  A$PerformanceService$697           PerformanceService
     000004A7  A$PerformanceService$698           PerformanceService
     000004AA  A$PerformanceService$699           PerformanceService
     000004AB  A$PerformanceService$703           PerformanceService
     000004AB  C$PerformanceService.c$156$1_0$2   PerformanceService
     000004AC  A$PerformanceService$704           PerformanceService
     000004AD  A$PerformanceService$708           PerformanceService
     000004AD  C$PerformanceService.c$157$1_0$2   PerformanceService
     000004AE  A$PerformanceService$709           PerformanceService
     000004AF  A$PerformanceService$710           PerformanceService
     000004B0  A$PerformanceService$714           PerformanceService
     000004B0  C$PerformanceService.c$159$1_0$2   PerformanceService
     000004B2  A$PerformanceService$715           PerformanceService
     000004B4  A$PerformanceService$716           PerformanceService
     000004B6  A$PerformanceService$720           PerformanceService
     000004B6  C$PerformanceService.c$160$1_0$2   PerformanceService
ASxxxx Linker V03.00/V05.40 + sdld,  page 13.
Hexadecimal  [32-Bits]

Area                                    Addr        Size        Decimal Bytes (Attributes)
--------------------------------        ----        ----        ------- ----- ------------
_CODE                               00000200    0000032D =         813. bytes (REL,CON)

      Value  Global                              Global Defined In Module
      -----  --------------------------------   ------------------------
     000004B8  A$PerformanceService$721           PerformanceService
     000004BA  A$PerformanceService$722           PerformanceService
     000004BC  A$PerformanceService$730           PerformanceService
     000004BC  C$PerformanceService.c$161$1_0$2   PerformanceService
     000004BC  XG$init_performance$0$0            PerformanceService
     000004BD  A$PerformanceService$740           PerformanceService
     000004BD  C$PerformanceService.c$163$1_0$2   PerformanceService
     000004BD  G$performance_main$0$0             PerformanceService
     000004BD  _performance_main                  PerformanceService
     000004BE  A$PerformanceService$741           PerformanceService
     000004BF  A$PerformanceService$745           PerformanceService
     000004BF  C$PerformanceService.c$165$1_0$2   PerformanceService
     000004C0  A$PerformanceService$746           PerformanceService
     000004C1  A$PerformanceService$750           PerformanceService
     000004C1  C$PerformanceService.c$167$2_0$2   PerformanceService
     000004C3  A$PerformanceService$754           PerformanceService
     000004C3  C$PerformanceService.c$171$1_1$2   PerformanceService
     000004C4  A$PerformanceService$755           PerformanceService
     000004C7  A$PerformanceService$756           PerformanceService
     000004C8  A$PerformanceService$757           PerformanceService
     000004C9  A$PerformanceService$758           PerformanceService
     000004CA  A$PerformanceService$759           PerformanceService
     000004CD  A$PerformanceService$760           PerformanceService
     000004CE  A$PerformanceService$764           PerformanceService
     000004CE  C$PerformanceService.c$173$1_1$2   PerformanceService
     000004CF  A$PerformanceService$765           PerformanceService
     000004D1  A$PerformanceService$766           PerformanceService
     000004D3  A$PerformanceService$767           PerformanceService
     000004D4  A$PerformanceService$769           PerformanceService
     000004D5  A$PerformanceService$771           PerformanceService
     000004D6  A$PerformanceService$772           PerformanceService
     000004D7  A$PerformanceService$773           PerformanceService
     000004D9  A$PerformanceService$777           PerformanceService
     000004D9  C$PerformanceService.c$175$2_1$2   PerformanceService
     000004DC  A$PerformanceService$778           PerformanceService
     000004DE  A$PerformanceService$779           PerformanceService
     000004E0  A$PerformanceService$783           PerformanceService
     000004E0  C$PerformanceService.c$178$3_1$2   PerformanceService
     000004E1  A$PerformanceService$784           PerformanceService
     000004E4  A$PerformanceService$785           PerformanceService
     000004E5  A$PerformanceService$786           PerformanceService
     000004E6  A$PerformanceService$787           PerformanceService
     000004E7  A$PerformanceService$788           PerformanceService
     000004EA  A$PerformanceService$789           PerformanceService
     000004EB  A$PerformanceService$793           PerformanceService
     000004EB  C$PerformanceService.c$180$1_1$2   PerformanceService
     000004ED  A$PerformanceService$798           PerformanceService
     000004EE  A$PerformanceService$799           PerformanceService
     000004EF  A$PerformanceService$804           PerformanceService
     000004EF  C$PerformanceService.c$182$1_1$2   PerformanceService
     000004EF  XG$performance_main$0$0            PerformanceService
ASxxxx Linker V03.00/V05.40 + sdld,  page 14.
Hexadecimal  [32-Bits]

Area                                    Addr        Size        Decimal Bytes (Attributes)
--------------------------------        ----        ----        ------- ----- ------------
_CODE                               00000200    0000032D =         813. bytes (REL,CON)

      Value  Global                              Global Defined In Module
      -----  --------------------------------   ------------------------
     000004F0  ___move_metasprite                 Metasprites
ASxxxx Linker V03.00/V05.40 + sdld,  page 15.
Hexadecimal  [32-Bits]

Area                                    Addr        Size        Decimal Bytes (Attributes)
--------------------------------        ----        ----        ------- ----- ------------
_HEADER0                            00000000    00000001 =           1. bytes (ABS,CON)

      Value  Global                              Global Defined In Module
      -----  --------------------------------   ------------------------
     00000020  .call_hl                           Runtime

ASxxxx Linker V03.00/V05.40 + sdld,  page 16.
Hexadecimal  [32-Bits]

Area                                    Addr        Size        Decimal Bytes (Attributes)
--------------------------------        ----        ----        ------- ----- ------------
_HEADER1                            00000000    00000005 =           5. bytes (ABS,CON)

      Value  Global                              Global Defined In Module
      -----  --------------------------------   ------------------------
     00000028  .MemsetSmall                       Runtime

ASxxxx Linker V03.00/V05.40 + sdld,  page 17.
Hexadecimal  [32-Bits]

Area                                    Addr        Size        Decimal Bytes (Attributes)
--------------------------------        ----        ----        ------- ----- ------------
_HEADER2                            00000000    00000007 =           7. bytes (ABS,CON)

      Value  Global                              Global Defined In Module
      -----  --------------------------------   ------------------------
     00000030  .MemcpySmall                       Runtime

ASxxxx Linker V03.00/V05.40 + sdld,  page 18.
Hexadecimal  [32-Bits]

Area                                    Addr        Size        Decimal Bytes (Attributes)
--------------------------------        ----        ----        ------- ----- ------------
_HEADER3                            00000000    00000008 =           8. bytes (ABS,CON)

      Value  Global                              Global Defined In Module
      -----  --------------------------------   ------------------------
ASxxxx Linker V03.00/V05.40 + sdld,  page 19.
Hexadecimal  [32-Bits]

Area                                    Addr        Size        Decimal Bytes (Attributes)
--------------------------------        ----        ----        ------- ----- ------------
_HEADER4                            00000000    0000005C =          92. bytes (ABS,CON)

      Value  Global                              Global Defined In Module
      -----  --------------------------------   ------------------------
     00000080  .int                               Runtime
     0000008F  _wait_int_handler                  Runtime
     0000009C  __standard_VBL_handler             Runtime
     000000AB  _refresh_OAM                       Runtime
     000000CC  .wait_vbl_done                     Runtime
     000000CC  _vsync                             Runtime
     000000CC  _wait_vbl_done                     Runtime

ASxxxx Linker V03.00/V05.40 + sdld,  page 20.
Hexadecimal  [32-Bits]

Area                                    Addr        Size        Decimal Bytes (Attributes)
--------------------------------        ----        ----        ------- ----- ------------
_HEADER5                            00000000    00000001 =           1. bytes (ABS,CON)

      Value  Global                              Global Defined In Module
      -----  --------------------------------   ------------------------
ASxxxx Linker V03.00/V05.40 + sdld,  page 21.
Hexadecimal  [32-Bits]

Area                                    Addr        Size        Decimal Bytes (Attributes)
--------------------------------        ----        ----        ------- ----- ------------
_HEADER6                            00000000    00000002 =           2. bytes (ABS,CON)

      Value  Global                              Global Defined In Module
      -----  --------------------------------   ------------------------
ASxxxx Linker V03.00/V05.40 + sdld,  page 22.
Hexadecimal  [32-Bits]

Area                                    Addr        Size        Decimal Bytes (Attributes)
--------------------------------        ----        ----        ------- ----- ------------
_HEADER7                            00000000    00000030 =          48. bytes (ABS,CON)

      Value  Global                              Global Defined In Module
      -----  --------------------------------   ------------------------
ASxxxx Linker V03.00/V05.40 + sdld,  page 23.
Hexadecimal  [32-Bits]

Area                                    Addr        Size        Decimal Bytes (Attributes)
--------------------------------        ----        ----        ------- ----- ------------
_HEADER8                            00000000    00000006 =           6. bytes (ABS,CON)

      Value  Global                              Global Defined In Module
      -----  --------------------------------   ------------------------
ASxxxx Linker V03.00/V05.40 + sdld,  page 24.
Hexadecimal  [32-Bits]

Area                                    Addr        Size        Decimal Bytes (Attributes)
--------------------------------        ----        ----        ------- ----- ------------
_HEADER9                            00000000    00000003 =           3. bytes (ABS,CON)

      Value  Global                              Global Defined In Module
      -----  --------------------------------   ------------------------
ASxxxx Linker V03.00/V05.40 + sdld,  page 25.
Hexadecimal  [32-Bits]

Area                                    Addr        Size        Decimal Bytes (Attributes)
--------------------------------        ----        ----        ------- ----- ------------
_HEADERa                            00000000    00000001 =           1. bytes (ABS,CON)

      Value  Global                              Global Defined In Module
      -----  --------------------------------   ------------------------
ASxxxx Linker V03.00/V05.40 + sdld,  page 26.
Hexadecimal  [32-Bits]

Area                                    Addr        Size        Decimal Bytes (Attributes)
--------------------------------        ----        ----        ------- ----- ------------
_HEADERb                            00000000    00000001 =           1. bytes (ABS,CON)

      Value  Global                              Global Defined In Module
      -----  --------------------------------   ------------------------
ASxxxx Linker V03.00/V05.40 + sdld,  page 27.
Hexadecimal  [32-Bits]

Area                                    Addr        Size        Decimal Bytes (Attributes)
--------------------------------        ----        ----        ------- ----- ------------
_HEADERc                            00000000    00000001 =           1. bytes (ABS,CON)

      Value  Global                              Global Defined In Module
      -----  --------------------------------   ------------------------
ASxxxx Linker V03.00/V05.40 + sdld,  page 28.
Hexadecimal  [32-Bits]

Area                                    Addr        Size        Decimal Bytes (Attributes)
--------------------------------        ----        ----        ------- ----- ------------
_HEADERd                            00000000    00000002 =           2. bytes (ABS,CON)

      Value  Global                              Global Defined In Module
      -----  --------------------------------   ------------------------
ASxxxx Linker V03.00/V05.40 + sdld,  page 29.
Hexadecimal  [32-Bits]

Area                                    Addr        Size        Decimal Bytes (Attributes)
--------------------------------        ----        ----        ------- ----- ------------
_HEADERe                            00000000    00000001 =           1. bytes (ABS,CON)

      Value  Global                              Global Defined In Module
      -----  --------------------------------   ------------------------
ASxxxx Linker V03.00/V05.40 + sdld,  page 30.
Hexadecimal  [32-Bits]

Area                                    Addr        Size        Decimal Bytes (Attributes)
--------------------------------        ----        ----        ------- ----- ------------
_HEADERf                            00000000    00000001 =           1. bytes (ABS,CON)

      Value  Global                              Global Defined In Module
      -----  --------------------------------   ------------------------
ASxxxx Linker V03.00/V05.40 + sdld,  page 31.
Hexadecimal  [32-Bits]

Area                                    Addr        Size        Decimal Bytes (Attributes)
--------------------------------        ----        ----        ------- ----- ------------
_HEADER10                           00000000    00000002 =           2. bytes (ABS,CON)

      Value  Global                              Global Defined In Module
      -----  --------------------------------   ------------------------
ASxxxx Linker V03.00/V05.40 + sdld,  page 32.
Hexadecimal  [32-Bits]

Area                                    Addr        Size        Decimal Bytes (Attributes)
--------------------------------        ----        ----        ------- ----- ------------
_HEADER11                           00000000    000000AF =         175. bytes (ABS,CON)

      Value  Global                              Global Defined In Module
      -----  --------------------------------   ------------------------
     00000150  .reset                             Runtime
     00000150  _reset                             Runtime
     00000157  .code_start                        Runtime
     000001B9  _exit                              Runtime
     000001BD  _set_interrupts                    Runtime
     000001D1  .remove_VBL                        Runtime
     000001D1  _remove_VBL                        Runtime
     000001D4  .remove_int                        Runtime
     000001F1  .add_VBL                           Runtime
     000001F1  _add_VBL                           Runtime
     000001F4  .add_int                           Runtime

ASxxxx Linker V03.00/V05.40 + sdld,  page 33.
Hexadecimal  [32-Bits]

Area                                    Addr        Size        Decimal Bytes (Attributes)
--------------------------------        ----        ----        ------- ----- ------------
_HOME                               0000052D    00000129 =         297. bytes (REL,CON)

      Value  Global                              Global Defined In Module
      -----  --------------------------------   ------------------------
     0000052D  .memset_simple                     Runtime
     00000536  .memcpy_simple                     Runtime
     00000553  .display_off                       Runtime
     00000553  _display_off                       Runtime
     0000056B  _set_tile_data                     
     00000570  _set_bkg_data                      
     00000570  _set_win_data                      
     00000578  _set_sprite_data                   
     000005A8  .padup                             
     000005A8  _waitpadup                         
     000005B8  .jpad                              
     000005B8  _joypad                            
     000005E0  _waitpad                           
     000005E1  .wait_pad                          
     000005E8  _set_bkg_tiles                     
     000005FC  .set_xy_wtt                        SetTileMap
     00000605  .set_xy_btt                        SetTileMap
     00000614  .set_xy_tt                         SetTileMap
ASxxxx Linker V03.00/V05.40 + sdld,  page 34.
Hexadecimal  [32-Bits]

Area                                    Addr        Size        Decimal Bytes (Attributes)
--------------------------------        ----        ----        ------- ----- ------------
_INITIALIZER                        00000656    00000B1B =        2843. bytes (REL,CON)

      Value  Global                              Global Defined In Module
      -----  --------------------------------   ------------------------
     00000656  Fmain$__xinit_IsPerformanceMode$   main
     00000657  FPerformanceService$__xinit_Perf   PerformanceService
     00000DE7  FPerformanceService$__xinit_Perf   PerformanceService
     00000F4F  FPerformanceService$__xinit_Jest   PerformanceService

ASxxxx Linker V03.00/V05.40 + sdld,  page 35.
Hexadecimal  [32-Bits]

Area                                    Addr        Size        Decimal Bytes (Attributes)
--------------------------------        ----        ----        ------- ----- ------------
_GSINIT                             00001171    0000000C =          12. bytes (REL,CON)

      Value  Global                              Global Defined In Module
      -----  --------------------------------   ------------------------
     00001171  gsinit                             Runtime

ASxxxx Linker V03.00/V05.40 + sdld,  page 36.
Hexadecimal  [32-Bits]

Area                                    Addr        Size        Decimal Bytes (Attributes)
--------------------------------        ----        ----        ------- ----- ------------
_GSFINAL                            0000117D    00000001 =           1. bytes (REL,CON)

      Value  Global                              Global Defined In Module
      -----  --------------------------------   ------------------------
ASxxxx Linker V03.00/V05.40 + sdld,  page 37.
Hexadecimal  [32-Bits]

Area                                    Addr        Size        Decimal Bytes (Attributes)
--------------------------------        ----        ----        ------- ----- ------------
_DATA                               0000C0A0    00000015 =          21. bytes (REL,CON)

      Value  Global                              Global Defined In Module
      -----  --------------------------------   ------------------------
     0000C0A0  __cpu                              Runtime
     0000C0A1  __is_GBA                           Runtime
     0000C0A2  .mode                              Runtime
     0000C0A3  .sys_time                          Runtime
     0000C0A3  _sys_time                          Runtime
     0000C0A5  .int_0x40                          Runtime
     0000C0B1  ___current_metasprite              Metasprites
     0000C0B3  ___current_base_tile               Metasprites
     0000C0B4  ___current_base_prop               Metasprites
ASxxxx Linker V03.00/V05.40 + sdld,  page 38.
Hexadecimal  [32-Bits]

Area                                    Addr        Size        Decimal Bytes (Attributes)
--------------------------------        ----        ----        ------- ----- ------------
_INITIALIZED                        0000C0B5    00000B1B =        2843. bytes (REL,CON)

      Value  Global                              Global Defined In Module
      -----  --------------------------------   ------------------------
     0000C0B5  G$IsPerformanceMode$0_0$0          main
     0000C0B5  _IsPerformanceMode                 main
     0000C0B6  G$PerformanceBkgTiles$0_0$0        PerformanceService
     0000C0B6  _PerformanceBkgTiles               PerformanceService
     0000C846  G$PerformanceBkgTileMap$0_0$0      PerformanceService
     0000C846  _PerformanceBkgTileMap             PerformanceService
     0000C9AE  G$JesterTiles$0_0$0                PerformanceService
     0000C9AE  _JesterTiles                       PerformanceService
     0000CBCE  ___render_shadow_OAM               Metasprites
     0000CBCF  __map_tile_offset                  SetTileMap

ASxxxx Linker V03.00/V05.40 + sdld,  page 39.
Hexadecimal  [32-Bits]

Area                                    Addr        Size        Decimal Bytes (Attributes)
--------------------------------        ----        ----        ------- ----- ------------
_HRAM12                             00000000    00000003 =           3. bytes (ABS,CON)

      Value  Global                              Global Defined In Module
      -----  --------------------------------   ------------------------
     0000FF90  __current_bank                     Runtime
     0000FF92  __shadow_OAM_base                  Runtime

ASxxxx Linker V03.00/V05.40 + sdld,  page 40.

Files Linked                              [ module(s) ]

D:\Dev\Gameboy\Tools\gbdk\lib/gb/crt0.o   [ Runtime ]
main.o                                    [ main ]
CoreService.o                             [ CoreService ]
PerformanceService.o                      [ PerformanceService ]


Libraries Linked                          [ object file ]

D:\Dev\Gameboy\Tools\gbdk\lib/gb/gb.lib   [ set_data.o ]
D:\Dev\Gameboy\Tools\gbdk\lib/gb/gb.lib   [ pad.o ]
D:\Dev\Gameboy\Tools\gbdk\lib/gb/gb.lib   [ metasprites.o ]
D:\Dev\Gameboy\Tools\gbdk\lib/gb/gb.lib   [ sfr.o ]
D:\Dev\Gameboy\Tools\gbdk\lib/gb/gb.lib   [ set_bk_t.o ]
D:\Dev\Gameboy\Tools\gbdk\lib/gb/gb.lib   [ set_xy_t.o ]

ASxxxx Linker V03.00/V05.40 + sdld,  page 41.

User Base Address Definitions

_DATA=0xC0A0
_CODE=0x0200
ASxxxx Linker V03.00/V05.40 + sdld,  page 42.

User Global Definitions

_shadow_OAM=0xC000
.STACK=0xE000
.refresh_OAM=0xFF80

