                                      1 ;--------------------------------------------------------
                                      2 ; File Created by SDCC : free open source ISO C Compiler 
                                      3 ; Version 4.3.2 #14228 (MINGW64)
                                      4 ;--------------------------------------------------------
                                      5 	.module CoreService
                                      6 	.optsdcc -msm83
                                      7 	
                                      8 ;--------------------------------------------------------
                                      9 ; Public variables in this module
                                     10 ;--------------------------------------------------------
                                     11 	.globl _fade_in
                                     12 	.globl _fade_out
                                     13 	.globl _performant_delay
                                     14 	.globl _wait_vbl_done
                                     15 ;--------------------------------------------------------
                                     16 ; special function registers
                                     17 ;--------------------------------------------------------
                                     18 ;--------------------------------------------------------
                                     19 ; ram data
                                     20 ;--------------------------------------------------------
                                     21 	.area _DATA
                                     22 ;--------------------------------------------------------
                                     23 ; ram data
                                     24 ;--------------------------------------------------------
                                     25 	.area _INITIALIZED
                                     26 ;--------------------------------------------------------
                                     27 ; absolute external ram data
                                     28 ;--------------------------------------------------------
                                     29 	.area _DABS (ABS)
                                     30 ;--------------------------------------------------------
                                     31 ; global & static initialisations
                                     32 ;--------------------------------------------------------
                                     33 	.area _HOME
                                     34 	.area _GSINIT
                                     35 	.area _GSFINAL
                                     36 	.area _GSINIT
                                     37 ;--------------------------------------------------------
                                     38 ; Home
                                     39 ;--------------------------------------------------------
                                     40 	.area _HOME
                                     41 	.area _HOME
                                     42 ;--------------------------------------------------------
                                     43 ; code
                                     44 ;--------------------------------------------------------
                                     45 	.area _CODE
                           000000    46 	G$performant_delay$0$0	= .
                                     47 	.globl	G$performant_delay$0$0
                           000000    48 	C$CoreService.c$5$0_0$143	= .
                                     49 	.globl	C$CoreService.c$5$0_0$143
                                     50 ;./../Services/CoreService.c:5: void performant_delay(int numloops){
                                     51 ;	---------------------------------
                                     52 ; Function performant_delay
                                     53 ; ---------------------------------
      000000                         54 _performant_delay::
      000000 D5               [16]   55 	push	de
                           000001    56 	C$CoreService.c$7$2_0$143	= .
                                     57 	.globl	C$CoreService.c$7$2_0$143
                                     58 ;./../Services/CoreService.c:7: for(ii = 0; ii < numloops; ii++){
      000001 01 00 00         [12]   59 	ld	bc, #0x0000
      000004                         60 00103$:
      000004 F8 00            [12]   61 	ldhl	sp,	#0
      000006 79               [ 4]   62 	ld	a, c
      000007 96               [ 8]   63 	sub	a, (hl)
      000008 23               [ 8]   64 	inc	hl
      000009 78               [ 4]   65 	ld	a, b
      00000A 9E               [ 8]   66 	sbc	a, (hl)
      00000B 78               [ 4]   67 	ld	a, b
      00000C 57               [ 4]   68 	ld	d, a
      00000D CB 7E            [12]   69 	bit	7, (hl)
      00000F 28 07            [12]   70 	jr	Z, 00122$
      000011 CB 7A            [ 8]   71 	bit	7, d
      000013 20 08            [12]   72 	jr	NZ, 00123$
      000015 BF               [ 4]   73 	cp	a, a
      000016 18 05            [12]   74 	jr	00123$
      000018                         75 00122$:
      000018 CB 7A            [ 8]   76 	bit	7, d
      00001A 28 01            [12]   77 	jr	Z, 00123$
      00001C 37               [ 4]   78 	scf
      00001D                         79 00123$:
      00001D 30 06            [12]   80 	jr	NC, 00105$
                           00001F    81 	C$CoreService.c$8$3_0$144	= .
                                     82 	.globl	C$CoreService.c$8$3_0$144
                                     83 ;./../Services/CoreService.c:8: wait_vbl_done();
      00001F CDr00r00         [24]   84 	call	_wait_vbl_done
                           000022    85 	C$CoreService.c$7$2_0$143	= .
                                     86 	.globl	C$CoreService.c$7$2_0$143
                                     87 ;./../Services/CoreService.c:7: for(ii = 0; ii < numloops; ii++){
      000022 03               [ 8]   88 	inc	bc
      000023 18 DF            [12]   89 	jr	00103$
      000025                         90 00105$:
                           000025    91 	C$CoreService.c$10$2_0$143	= .
                                     92 	.globl	C$CoreService.c$10$2_0$143
                                     93 ;./../Services/CoreService.c:10: }
      000025 33               [ 8]   94 	inc	sp
      000026 33               [ 8]   95 	inc	sp
                           000027    96 	C$CoreService.c$10$2_0$143	= .
                                     97 	.globl	C$CoreService.c$10$2_0$143
                           000027    98 	XG$performant_delay$0$0	= .
                                     99 	.globl	XG$performant_delay$0$0
      000027 C9               [16]  100 	ret
                           000028   101 	G$fade_out$0$0	= .
                                    102 	.globl	G$fade_out$0$0
                           000028   103 	C$CoreService.c$12$2_0$146	= .
                                    104 	.globl	C$CoreService.c$12$2_0$146
                                    105 ;./../Services/CoreService.c:12: void fade_out() {
                                    106 ;	---------------------------------
                                    107 ; Function fade_out
                                    108 ; ---------------------------------
      000028                        109 _fade_out::
                           000028   110 	C$CoreService.c$13$2_0$146	= .
                                    111 	.globl	C$CoreService.c$13$2_0$146
                                    112 ;./../Services/CoreService.c:13: for(int8_t i=0;i<4;i++){
      000028 0E 00            [ 8]  113 	ld	c, #0x00
      00002A                        114 00108$:
      00002A 79               [ 4]  115 	ld	a, c
      00002B EE 80            [ 8]  116 	xor	a, #0x80
      00002D D6 84            [ 8]  117 	sub	a, #0x84
      00002F D0               [20]  118 	ret	NC
                           000030   119 	C$CoreService.c$14$3_0$147	= .
                                    120 	.globl	C$CoreService.c$14$3_0$147
                                    121 ;./../Services/CoreService.c:14: switch(i){
      000030 79               [ 4]  122 	ld	a, c
      000031 B7               [ 4]  123 	or	a, a
      000032 28 0F            [12]  124 	jr	Z, 00101$
      000034 79               [ 4]  125 	ld	a, c
      000035 3D               [ 4]  126 	dec	a
      000036 28 11            [12]  127 	jr	Z, 00102$
      000038 79               [ 4]  128 	ld	a,c
      000039 FE 02            [ 8]  129 	cp	a,#0x02
      00003B 28 12            [12]  130 	jr	Z, 00103$
      00003D D6 03            [ 8]  131 	sub	a, #0x03
      00003F 28 14            [12]  132 	jr	Z, 00104$
      000041 18 16            [12]  133 	jr	00105$
                           000043   134 	C$CoreService.c$15$4_0$148	= .
                                    135 	.globl	C$CoreService.c$15$4_0$148
                                    136 ;./../Services/CoreService.c:15: case 0:
      000043                        137 00101$:
                           000043   138 	C$CoreService.c$16$4_0$148	= .
                                    139 	.globl	C$CoreService.c$16$4_0$148
                                    140 ;./../Services/CoreService.c:16: BGP_REG = 0xE4;
      000043 3E E4            [ 8]  141 	ld	a, #0xe4
      000045 E0r00            [12]  142 	ldh	(_BGP_REG + 0), a
                           000047   143 	C$CoreService.c$17$4_0$148	= .
                                    144 	.globl	C$CoreService.c$17$4_0$148
                                    145 ;./../Services/CoreService.c:17: break;
      000047 18 10            [12]  146 	jr	00105$
                           000049   147 	C$CoreService.c$18$4_0$148	= .
                                    148 	.globl	C$CoreService.c$18$4_0$148
                                    149 ;./../Services/CoreService.c:18: case 1:
      000049                        150 00102$:
                           000049   151 	C$CoreService.c$19$4_0$148	= .
                                    152 	.globl	C$CoreService.c$19$4_0$148
                                    153 ;./../Services/CoreService.c:19: BGP_REG = 0xF9;
      000049 3E F9            [ 8]  154 	ld	a, #0xf9
      00004B E0r00            [12]  155 	ldh	(_BGP_REG + 0), a
                           00004D   156 	C$CoreService.c$20$4_0$148	= .
                                    157 	.globl	C$CoreService.c$20$4_0$148
                                    158 ;./../Services/CoreService.c:20: break;
      00004D 18 0A            [12]  159 	jr	00105$
                           00004F   160 	C$CoreService.c$21$4_0$148	= .
                                    161 	.globl	C$CoreService.c$21$4_0$148
                                    162 ;./../Services/CoreService.c:21: case 2:
      00004F                        163 00103$:
                           00004F   164 	C$CoreService.c$22$4_0$148	= .
                                    165 	.globl	C$CoreService.c$22$4_0$148
                                    166 ;./../Services/CoreService.c:22: BGP_REG = 0xFE;
      00004F 3E FE            [ 8]  167 	ld	a, #0xfe
      000051 E0r00            [12]  168 	ldh	(_BGP_REG + 0), a
                           000053   169 	C$CoreService.c$23$4_0$148	= .
                                    170 	.globl	C$CoreService.c$23$4_0$148
                                    171 ;./../Services/CoreService.c:23: break;
      000053 18 04            [12]  172 	jr	00105$
                           000055   173 	C$CoreService.c$24$4_0$148	= .
                                    174 	.globl	C$CoreService.c$24$4_0$148
                                    175 ;./../Services/CoreService.c:24: case 3:
      000055                        176 00104$:
                           000055   177 	C$CoreService.c$25$4_0$148	= .
                                    178 	.globl	C$CoreService.c$25$4_0$148
                                    179 ;./../Services/CoreService.c:25: BGP_REG = 0xFF;	
      000055 3E FF            [ 8]  180 	ld	a, #0xff
      000057 E0r00            [12]  181 	ldh	(_BGP_REG + 0), a
                           000059   182 	C$CoreService.c$27$3_0$147	= .
                                    183 	.globl	C$CoreService.c$27$3_0$147
                                    184 ;./../Services/CoreService.c:27: }
      000059                        185 00105$:
                           000059   186 	C$CoreService.c$28$3_0$147	= .
                                    187 	.globl	C$CoreService.c$28$3_0$147
                                    188 ;./../Services/CoreService.c:28: performant_delay(5);
      000059 C5               [16]  189 	push	bc
      00005A 11 05 00         [12]  190 	ld	de, #0x0005
      00005D CDr00r00         [24]  191 	call	_performant_delay
      000060 C1               [12]  192 	pop	bc
                           000061   193 	C$CoreService.c$13$2_0$146	= .
                                    194 	.globl	C$CoreService.c$13$2_0$146
                                    195 ;./../Services/CoreService.c:13: for(int8_t i=0;i<4;i++){
      000061 0C               [ 4]  196 	inc	c
                           000062   197 	C$CoreService.c$30$2_0$146	= .
                                    198 	.globl	C$CoreService.c$30$2_0$146
                                    199 ;./../Services/CoreService.c:30: }
                           000062   200 	C$CoreService.c$30$2_0$146	= .
                                    201 	.globl	C$CoreService.c$30$2_0$146
                           000062   202 	XG$fade_out$0$0	= .
                                    203 	.globl	XG$fade_out$0$0
      000062 18 C6            [12]  204 	jr	00108$
                           000064   205 	G$fade_in$0$0	= .
                                    206 	.globl	G$fade_in$0$0
                           000064   207 	C$CoreService.c$32$2_0$150	= .
                                    208 	.globl	C$CoreService.c$32$2_0$150
                                    209 ;./../Services/CoreService.c:32: void fade_in() {
                                    210 ;	---------------------------------
                                    211 ; Function fade_in
                                    212 ; ---------------------------------
      000064                        213 _fade_in::
                           000064   214 	C$CoreService.c$33$2_0$150	= .
                                    215 	.globl	C$CoreService.c$33$2_0$150
                                    216 ;./../Services/CoreService.c:33: for(int8_t i=0;i<3;i++){
      000064 0E 00            [ 8]  217 	ld	c, #0x00
      000066                        218 00107$:
      000066 79               [ 4]  219 	ld	a, c
      000067 EE 80            [ 8]  220 	xor	a, #0x80
      000069 D6 83            [ 8]  221 	sub	a, #0x83
      00006B D0               [20]  222 	ret	NC
                           00006C   223 	C$CoreService.c$34$3_0$151	= .
                                    224 	.globl	C$CoreService.c$34$3_0$151
                                    225 ;./../Services/CoreService.c:34: switch(i){
      00006C 79               [ 4]  226 	ld	a, c
      00006D B7               [ 4]  227 	or	a, a
      00006E 28 0B            [12]  228 	jr	Z, 00101$
      000070 79               [ 4]  229 	ld	a, c
      000071 3D               [ 4]  230 	dec	a
      000072 28 0D            [12]  231 	jr	Z, 00102$
      000074 79               [ 4]  232 	ld	a, c
      000075 D6 02            [ 8]  233 	sub	a, #0x02
      000077 28 0E            [12]  234 	jr	Z, 00103$
      000079 18 10            [12]  235 	jr	00104$
                           00007B   236 	C$CoreService.c$35$4_0$152	= .
                                    237 	.globl	C$CoreService.c$35$4_0$152
                                    238 ;./../Services/CoreService.c:35: case 0:
      00007B                        239 00101$:
                           00007B   240 	C$CoreService.c$36$4_0$152	= .
                                    241 	.globl	C$CoreService.c$36$4_0$152
                                    242 ;./../Services/CoreService.c:36: BGP_REG = 0xFE;
      00007B 3E FE            [ 8]  243 	ld	a, #0xfe
      00007D E0r00            [12]  244 	ldh	(_BGP_REG + 0), a
                           00007F   245 	C$CoreService.c$37$4_0$152	= .
                                    246 	.globl	C$CoreService.c$37$4_0$152
                                    247 ;./../Services/CoreService.c:37: break;
      00007F 18 0A            [12]  248 	jr	00104$
                           000081   249 	C$CoreService.c$38$4_0$152	= .
                                    250 	.globl	C$CoreService.c$38$4_0$152
                                    251 ;./../Services/CoreService.c:38: case 1:
      000081                        252 00102$:
                           000081   253 	C$CoreService.c$39$4_0$152	= .
                                    254 	.globl	C$CoreService.c$39$4_0$152
                                    255 ;./../Services/CoreService.c:39: BGP_REG = 0xF9;
      000081 3E F9            [ 8]  256 	ld	a, #0xf9
      000083 E0r00            [12]  257 	ldh	(_BGP_REG + 0), a
                           000085   258 	C$CoreService.c$40$4_0$152	= .
                                    259 	.globl	C$CoreService.c$40$4_0$152
                                    260 ;./../Services/CoreService.c:40: break;
      000085 18 04            [12]  261 	jr	00104$
                           000087   262 	C$CoreService.c$41$4_0$152	= .
                                    263 	.globl	C$CoreService.c$41$4_0$152
                                    264 ;./../Services/CoreService.c:41: case 2:
      000087                        265 00103$:
                           000087   266 	C$CoreService.c$42$4_0$152	= .
                                    267 	.globl	C$CoreService.c$42$4_0$152
                                    268 ;./../Services/CoreService.c:42: BGP_REG = 0xE4;
      000087 3E E4            [ 8]  269 	ld	a, #0xe4
      000089 E0r00            [12]  270 	ldh	(_BGP_REG + 0), a
                           00008B   271 	C$CoreService.c$44$3_0$151	= .
                                    272 	.globl	C$CoreService.c$44$3_0$151
                                    273 ;./../Services/CoreService.c:44: }
      00008B                        274 00104$:
                           00008B   275 	C$CoreService.c$45$3_0$151	= .
                                    276 	.globl	C$CoreService.c$45$3_0$151
                                    277 ;./../Services/CoreService.c:45: performant_delay(5);
      00008B C5               [16]  278 	push	bc
      00008C 11 05 00         [12]  279 	ld	de, #0x0005
      00008F CDr00r00         [24]  280 	call	_performant_delay
      000092 C1               [12]  281 	pop	bc
                           000093   282 	C$CoreService.c$33$2_0$150	= .
                                    283 	.globl	C$CoreService.c$33$2_0$150
                                    284 ;./../Services/CoreService.c:33: for(int8_t i=0;i<3;i++){
      000093 0C               [ 4]  285 	inc	c
                           000094   286 	C$CoreService.c$47$2_0$150	= .
                                    287 	.globl	C$CoreService.c$47$2_0$150
                                    288 ;./../Services/CoreService.c:47: }
                           000094   289 	C$CoreService.c$47$2_0$150	= .
                                    290 	.globl	C$CoreService.c$47$2_0$150
                           000094   291 	XG$fade_in$0$0	= .
                                    292 	.globl	XG$fade_in$0$0
      000094 18 D0            [12]  293 	jr	00107$
                                    294 	.area _CODE
                                    295 	.area _INITIALIZER
                                    296 	.area _CABS (ABS)
