                                      1 ;--------------------------------------------------------
                                      2 ; File Created by SDCC : free open source ISO C Compiler 
                                      3 ; Version 4.3.2 #14228 (MINGW64)
                                      4 ;--------------------------------------------------------
                                      5 	.module main
                                      6 	.optsdcc -msm83
                                      7 	
                                      8 ;--------------------------------------------------------
                                      9 ; Public variables in this module
                                     10 ;--------------------------------------------------------
                                     11 	.globl _main
                                     12 	.globl _performance_main
                                     13 	.globl _fade_in
                                     14 	.globl _IsPerformanceMode
                                     15 ;--------------------------------------------------------
                                     16 ; special function registers
                                     17 ;--------------------------------------------------------
                                     18 ;--------------------------------------------------------
                                     19 ; ram data
                                     20 ;--------------------------------------------------------
                                     21 	.area _DATA
                                     22 ;--------------------------------------------------------
                                     23 ; ram data
                                     24 ;--------------------------------------------------------
                                     25 	.area _INITIALIZED
                           000000    26 G$IsPerformanceMode$0_0$0==.
      000000                         27 _IsPerformanceMode::
      000000                         28 	.ds 1
                                     29 ;--------------------------------------------------------
                                     30 ; absolute external ram data
                                     31 ;--------------------------------------------------------
                                     32 	.area _DABS (ABS)
                                     33 ;--------------------------------------------------------
                                     34 ; global & static initialisations
                                     35 ;--------------------------------------------------------
                                     36 	.area _HOME
                                     37 	.area _GSINIT
                                     38 	.area _GSFINAL
                                     39 	.area _GSINIT
                                     40 ;--------------------------------------------------------
                                     41 ; Home
                                     42 ;--------------------------------------------------------
                                     43 	.area _HOME
                                     44 	.area _HOME
                                     45 ;--------------------------------------------------------
                                     46 ; code
                                     47 ;--------------------------------------------------------
                                     48 	.area _CODE
                           000000    49 	G$main$0$0	= .
                                     50 	.globl	G$main$0$0
                           000000    51 	C$main.c$9$0_0$143	= .
                                     52 	.globl	C$main.c$9$0_0$143
                                     53 ;./../main.c:9: void main()
                                     54 ;	---------------------------------
                                     55 ; Function main
                                     56 ; ---------------------------------
      000000                         57 _main::
                           000000    58 	C$main.c$11$1_0$143	= .
                                     59 	.globl	C$main.c$11$1_0$143
                                     60 ;./../main.c:11: fade_in();
      000000 CDr00r00         [24]   61 	call	_fade_in
                           000003    62 	C$main.c$12$1_0$143	= .
                                     63 	.globl	C$main.c$12$1_0$143
                                     64 ;./../main.c:12: while (1)
      000003                         65 00102$:
                           000003    66 	C$main.c$14$2_0$144	= .
                                     67 	.globl	C$main.c$14$2_0$144
                                     68 ;./../main.c:14: performance_main(IsPerformanceMode);
      000003 FAr00r00         [16]   69 	ld	a, (#_IsPerformanceMode)
      000006 CDr00r00         [24]   70 	call	_performance_main
                           000009    71 	C$main.c$16$1_0$143	= .
                                     72 	.globl	C$main.c$16$1_0$143
                                     73 ;./../main.c:16: }
                           000009    74 	C$main.c$16$1_0$143	= .
                                     75 	.globl	C$main.c$16$1_0$143
                           000009    76 	XG$main$0$0	= .
                                     77 	.globl	XG$main$0$0
      000009 18 F8            [12]   78 	jr	00102$
                                     79 	.area _CODE
                                     80 	.area _INITIALIZER
                           000000    81 Fmain$__xinit_IsPerformanceMode$0_0$0 == .
      000000                         82 __xinit__IsPerformanceMode:
      000000 01                      83 	.db #0x01	; 1
                                     84 	.area _CABS (ABS)
